[2026-07-18 10:15:05] laravel.EMERGENCY: Unable to create configured logger. Using emergency logger. {"exception":"[object] (InvalidArgumentException(code: 0): Log [] is not defined. at C:\\Users\\waizt\\OneDrive\\Desktop\\Websites\\Games\\Word Game\\backend\\vendor\\laravel\\framework\\src\\Illuminate\\Log\\LogManager.php:210)
[stacktrace]
#0 C:\\Users\\waizt\\OneDrive\\Desktop\\Websites\\Games\\Word Game\\backend\\vendor\\laravel\\framework\\src\\Illuminate\\Log\\LogManager.php(135): Illuminate\\Log\\LogManager->resolve(NULL, NULL)
#1 C:\\Users\\waizt\\OneDrive\\Desktop\\Websites\\Games\\Word Game\\backend\\vendor\\laravel\\framework\\src\\Illuminate\\Log\\LogManager.php(122): Illuminate\\Log\\LogManager->get(NULL)
#2 C:\\Users\\waizt\\OneDrive\\Desktop\\Websites\\Games\\Word Game\\backend\\vendor\\laravel\\framework\\src\\Illuminate\\Log\\LogManager.php(645): Illuminate\\Log\\LogManager->driver()
#3 C:\\Users\\waizt\\OneDrive\\Desktop\\Websites\\Games\\Word Game\\backend\\vendor\\laravel\\framework\\src\\Illuminate\\Foundation\\Exceptions\\Handler.php(274): Illuminate\\Log\\LogManager->error('The C:\\\\Users\\\\wa...', Array)
#4 C:\\Users\\waizt\\OneDrive\\Desktop\\Websites\\Games\\Word Game\\backend\\vendor\\laravel\\framework\\src\\Illuminate\\Foundation\\Console\\Kernel.php(454): Illuminate\\Foundation\\Exceptions\\Handler->report(Object(Exception))
#5 C:\\Users\\waizt\\OneDrive\\Desktop\\Websites\\Games\\Word Game\\backend\\vendor\\laravel\\framework\\src\\Illuminate\\Foundation\\Console\\Kernel.php(157): Illuminate\\Foundation\\Console\\Kernel->reportException(Object(Exception))
#6 C:\\Users\\waizt\\OneDrive\\Desktop\\Websites\\Games\\Word Game\\backend\\artisan(49): Illuminate\\Foundation\\Console\\Kernel->handle(Object(Symfony\\Component\\Console\\Input\\ArgvInput), Object(Symfony\\Component\\Console\\Output\\ConsoleOutput))
#7 {main}
"} 
[2026-07-18 10:15:05] laravel.ERROR: The C:\Users\waizt\OneDrive\Desktop\Websites\Games\Word Game\backend\bootstrap\cache directory must be present and writable. {"exception":"[object] (Exception(code: 0): The C:\\Users\\waizt\\OneDrive\\Desktop\\Websites\\Games\\Word Game\\backend\\bootstrap\\cache directory must be present and writable. at C:\\Users\\waizt\\OneDrive\\Desktop\\Websites\\Games\\Word Game\\backend\\vendor\\laravel\\framework\\src\\Illuminate\\Foundation\\PackageManifest.php:178)
[stacktrace]
#0 C:\\Users\\waizt\\OneDrive\\Desktop\\Websites\\Games\\Word Game\\backend\\vendor\\laravel\\framework\\src\\Illuminate\\Foundation\\PackageManifest.php(131): Illuminate\\Foundation\\PackageManifest->write(Array)
#1 C:\\Users\\waizt\\OneDrive\\Desktop\\Websites\\Games\\Word Game\\backend\\vendor\\laravel\\framework\\src\\Illuminate\\Foundation\\PackageManifest.php(107): Illuminate\\Foundation\\PackageManifest->build()
#2 C:\\Users\\waizt\\OneDrive\\Desktop\\Websites\\Games\\Word Game\\backend\\vendor\\laravel\\framework\\src\\Illuminate\\Foundation\\PackageManifest.php(90): Illuminate\\Foundation\\PackageManifest->getManifest()
#3 C:\\Users\\waizt\\OneDrive\\Desktop\\Websites\\Games\\Word Game\\backend\\vendor\\laravel\\framework\\src\\Illuminate\\Foundation\\PackageManifest.php(79): Illuminate\\Foundation\\PackageManifest->config('aliases')
#4 C:\\Users\\waizt\\OneDrive\\Desktop\\Websites\\Games\\Word Game\\backend\\vendor\\laravel\\framework\\src\\Illuminate\\Foundation\\Bootstrap\\RegisterFacades.php(26): Illuminate\\Foundation\\PackageManifest->aliases()
#5 C:\\Users\\waizt\\OneDrive\\Desktop\\Websites\\Games\\Word Game\\backend\\vendor\\laravel\\framework\\src\\Illuminate\\Foundation\\Application.php(265): Illuminate\\Foundation\\Bootstrap\\RegisterFacades->bootstrap(Object(Illuminate\\Foundation\\Application))
#6 C:\\Users\\waizt\\OneDrive\\Desktop\\Websites\\Games\\Word Game\\backend\\vendor\\laravel\\framework\\src\\Illuminate\\Foundation\\Console\\Kernel.php(383): Illuminate\\Foundation\\Application->bootstrapWith(Array)
#7 C:\\Users\\waizt\\OneDrive\\Desktop\\Websites\\Games\\Word Game\\backend\\vendor\\laravel\\framework\\src\\Illuminate\\Foundation\\Console\\Kernel.php(153): Illuminate\\Foundation\\Console\\Kernel->bootstrap()
#8 C:\\Users\\waizt\\OneDrive\\Desktop\\Websites\\Games\\Word Game\\backend\\artisan(49): Illuminate\\Foundation\\Console\\Kernel->handle(Object(Symfony\\Component\\Console\\Input\\ArgvInput), Object(Symfony\\Component\\Console\\Output\\ConsoleOutput))
#9 {main}
"} 
